// Jest Snapshot v1, https://goo.gl/fbAQLP

exports[`renders correctly 1`] = `
<View
  style={
    Array [
      undefined,
      undefined,
      undefined,
      undefined,
      undefined,
    ]
  }
>
  <View
    onPress={[Function]}
    style={
      Array [
        Array [
          undefined,
          undefined,
          undefined,
        ],
        undefined,
        undefined,
      ]
    }
  >
    <Text
      style={
        Array [
          undefined,
          undefined,
          undefined,
        ]
      }
    >
      Tokens
    </Text>
    <Text
      style={
        Array [
          undefined,
          undefined,
          Object {
            "paddingVertical": 2,
          },
          undefined,
        ]
      }
    >
      711
    </Text>
  </View>
  <View
    onPress={[Function]}
    style={
      Array [
        Array [
          undefined,
          undefined,
          undefined,
        ],
        undefined,
        undefined,
      ]
    }
  >
    <Text
      style={
        Array [
          undefined,
          undefined,
          undefined,
        ]
      }
    >
      USD
    </Text>
    <Text
      style={
        Array [
          undefined,
          undefined,
          Object {
            "paddingVertical": 2,
          },
          undefined,
        ]
      }
    >
      $123
    </Text>
  </View>
  <View
    onPress={[Function]}
    style={
      Array [
        Array [
          undefined,
          undefined,
          undefined,
        ],
        undefined,
        undefined,
      ]
    }
  >
    <Text
      style={
        Array [
          undefined,
          undefined,
          undefined,
        ]
      }
    >
      Ether
    </Text>
    <Text
      style={
        Array [
          undefined,
          undefined,
          Object {
            "paddingVertical": 2,
          },
          undefined,
        ]
      }
    >
      133
    </Text>
  </View>
  <View
    onPress={[Function]}
    style={
      Array [
        Array [
          undefined,
          undefined,
          undefined,
        ],
        undefined,
        undefined,
      ]
    }
  >
    <Text
      style={
        Array [
          undefined,
          undefined,
          undefined,
        ]
      }
    >
      Bitcoin
    </Text>
    <Text
      style={
        Array [
          undefined,
          undefined,
          Object {
            "paddingVertical": 2,
          },
          undefined,
        ]
      }
    >
      153
    </Text>
  </View>
</View>
`;
