// Jest Snapshot v1, https://goo.gl/fbAQLP

exports[`Main Hub page HubScreen snapshot test 1`] = `[Function]`;
