// Jest Snapshot v1, https://goo.gl/fbAQLP

exports[`renders correctly 1`] = `
<View
  onPress={[Function]}
  style={
    Object {
      "flex": 1,
      "marginLeft": 8,
    }
  }
>
  <View
    style={
      Object {
        "flexDirection": "row",
        "flexWrap": "wrap",
      }
    }
  >
    <Text>
      100/100 views 
      <Text>
        for
         
        <Text
          style={
            Object {
              "fontWeight": "600",
            }
          }
        >
          some title
        </Text>
      </Text>
       have been met.
    </Text>
  </View>
  <Text
    style={
      Object {
        "fontSize": 11,
      }
    }
  >
    Invalid date
  </Text>
</View>
`;
