// Jest Snapshot v1, https://goo.gl/fbAQLP

exports[`renders correctly 1`] = `
<View
  onPress={[Function]}
  style={
    Object {
      "flex": 1,
      "marginLeft": 8,
    }
  }
>
  <View
    style={
      Object {
        "flexDirection": "row",
        "flexWrap": "wrap",
      }
    }
  >
    <Text>
      You have a pending referral! 
      <Text
        style={
          Object {
            "fontWeight": "600",
          }
        }
      >
        someUser
      </Text>
       used your referral link when they signed up for Minds. You'll get tokens once they join the rewards program and set up their wallet
    </Text>
  </View>
  <Text
    style={
      Object {
        "fontSize": 11,
      }
    }
  >
    Invalid date
  </Text>
</View>
`;
