// Jest Snapshot v1, https://goo.gl/fbAQLP

exports[`renders correctly 1`] = `
<View
  onPress={[Function]}
  style={
    Object {
      "flex": 1,
      "marginLeft": 8,
    }
  }
>
  <View
    style={
      Object {
        "flexDirection": "row",
        "flexWrap": "wrap",
      }
    }
  >
    <Text>
      Free tokens are waiting for you! Once you join the rewards program by setting up your Minds wallet, both you and 
      <Text
        style={
          Object {
            "fontWeight": "600",
          }
        }
      >
        someUser
      </Text>
       will earn tokens for your referral
    </Text>
  </View>
  <Text
    style={
      Object {
        "fontSize": 11,
      }
    }
  >
    Invalid date
  </Text>
</View>
`;
