// Jest Snapshot v1, https://goo.gl/fbAQLP

exports[`renders correctly 1`] = `
<View
  onPress={[Function]}
  style={
    Object {
      "flex": 1,
      "marginLeft": 8,
    }
  }
>
  <View
    style={
      Object {
        "flexDirection": "row",
        "flexWrap": "wrap",
      }
    }
  >
    <Text
      style={
        Object {
          "fontWeight": "600",
        }
      }
    >
      someUser reminded some title
    </Text>
  </View>
  <Text
    style={
      Object {
        "fontSize": 11,
      }
    }
  >
    Invalid date
  </Text>
</View>
`;
