// Jest Snapshot v1, https://goo.gl/fbAQLP

exports[`renders correctly 1`] = `
<View
  onPress={[Function]}
  style={
    Object {
      "flex": 1,
      "marginLeft": 8,
    }
  }
>
  <View
    style={
      Object {
        "flexDirection": "row",
        "flexWrap": "wrap",
      }
    }
  >
    <Text>
      Chat securely with your mutual subscriptions.
    </Text>
  </View>
  <Text
    style={
      Array [
        Object {
          "fontSize": 11,
        },
        Object {
          "color": undefined,
        },
      ]
    }
  >
    Invalid date
  </Text>
</View>
`;
