// Jest Snapshot v1, https://goo.gl/fbAQLP

exports[`Notifications component renders correctly 1`] = `
<TouchableOpacity
  onPress={[Function]}
  style={
    [
      [
        {
          "flex": 1,
          "flexDirection": "column",
          "paddingHorizontal": 20,
          "paddingVertical": 16,
        },
        {
          "borderBottomWidth": 0.5,
        },
        {
          "borderColor": "#53565A",
        },
      ],
      {
        "alignSelf": "center",
        "maxWidth": 750,
        "width": "100%",
      },
    ]
  }
>
  <AnimatedView
    style={
      {
        "flex": 1,
        "flexDirection": "row",
      }
    }
  >
    <AnimatedView
      style={
        {
          "flexDirection": "column",
          "marginRight": 28,
        }
      }
    >
      <preventDoubleTap(TouchableOpacity)
        onPress={[Function]}
      >
        <Image
          source={
            {
              "headers": {
                "App-Version": "3.8.0",
                "Cache-Control": "no-cache, no-store, must-revalidate",
                "Content-Type": "application/json",
                "Pragma": "no-cache",
                "no-cache": "1",
              },
              "uri": "https://cdn.minds.com/icon/100000000000000519/medium/1623077876",
            }
          }
          style={
            {
              "borderRadius": 18.5,
              "height": 37,
              "width": 37,
            }
          }
        />
      </preventDoubleTap(TouchableOpacity)>
      <AnimatedView>
        <NotificationIcon
          type="token_rewards_summary"
        />
      </AnimatedView>
    </AnimatedView>
    <AnimatedView
      style={
        {
          "alignSelf": "center",
          "flex": 9,
        }
      }
    >
      <MText
        style={
          [
            {
              "fontSize": 15,
              "lineHeight": 18,
            },
            {
              "fontWeight": "400",
            },
            {
              "color": "#b9bbc0",
            },
          ]
        }
      >
        <Merged
          notification={
            NotificationModel {
              "created_timestamp": 1622815259,
              "data": {
                "tokens_formatted": "0.332",
                "usd_formatted": "0.36",
              },
              "entity": {
                "access_id": "2",
                "allow_comments": false,
                "allow_unsubscribed_contact": false,
                "ban_reason": false,
                "banned": "no",
                "boostProPlus": false,
                "boost_autorotate": true,
                "boost_rating": 1,
                "briefdescription": "Full Stack Developer at @minds",
                "btc_address": "1M27rFgyxqGdbmyjABu7J3pqa2YPhFs4mp",
                "canary": true,
                "categories": [],
                "chat": true,
                "city": "Colonia Avellaneda",
                "container_guid": "0",
                "disable_autoplay_videos": true,
                "disabled_boost": false,
                "dismissed_widgets": [
                  "language-sidebar-2020",
                  "discovery-disclaimer-2020",
                ],
                "email_confirmed": true,
                "eth_wallet": "0xd3004e3cbA40079c31F80F0C465aacc34588bd79",
                "fb": false,
                "feature_flags": false,
                "featured_id": false,
                "founder": false,
                "gender": "",
                "guid": "968187695744425997",
                "hashtags": false,
                "hide_share_buttons": true,
                "icontime": "1613843786",
                "is_admin": false,
                "is_mature": false,
                "language": "en",
                "last_accepted_tos": 1558597098,
                "last_avatar_upload": "1565703100",
                "legacy_guid": false,
                "liquidity_spot_opt_out": 0,
                "mature": 1,
                "mature_lock": false,
                "merchant": {
                  "id": "acct_1Gj1tZDf4yhop99j",
                  "service": "stripe",
                },
                "mode": 0,
                "monetized": "",
                "name": "Juan",
                "nsfw": [],
                "nsfw_lock": [],
                "onchain_booster": 0,
                "opted_in_hashtags": 5,
                "owner_guid": "0",
                "p2p_media_enabled": false,
                "pinned_posts": [
                  "1234531362564866048",
                ],
                "plus": false,
                "pro": false,
                "pro_published": false,
                "programs": [],
                "rating": 1,
                "rewards": true,
                "signup_method": false,
                "site_guid": false,
                "social_profiles": [
                  {
                    "key": "linkedin",
                    "value": "linkedin.com/in/juan-manuel-solaro-730a48184",
                  },
                ],
                "subscribed": false,
                "subscriber": false,
                "subtype": false,
                "surge_token": "eyJzZXJ2aWNlIjoiZ29vZ2xlIiwidG9rZW4iOiJkbzZ2LWhfWGhxMDpBUEE5MWJGQ3N0T3c4QzdPR3M0ZjZDZ3VzWWhma0JScGstMF9rN0xValQyUmJhRGtmTmJpZXlSSG1oRmRJeTlRRTlEY0tsV0ZPZFNxR3hfNU9YQnI3VXFUV3paMDFNZ1ZSYm9fVXM3WjZrQVpiX2ZtdDU2akh2LVdUNXk3RzM4ZlBIQ1QwSDZEdXU5RyJ9",
                "tags": [
                  "technology",
                  "crypto",
                  "blockchain",
                  "music",
                  "art",
                ],
                "theme": "dark",
                "time_created": "1556209934",
                "time_updated": false,
                "toaster_notifications": true,
                "type": "user",
                "urn": "urn:user:968187695744425997",
                "username": "juanmsolaro",
                "verified": true,
                "website": "",
                "wire_rewards": {
                  "description": "",
                  "rewards": {
                    "money": [
                      {
                        "amount": "1",
                        "description": "VIP",
                      },
                    ],
                    "points": [],
                    "tokens": [
                      {
                        "amount": "1",
                        "description": "Common Citizen",
                      },
                      {
                        "amount": "2",
                        "description": "Adventurer",
                      },
                      {
                        "amount": "3",
                        "description": "Hero",
                      },
                    ],
                  },
                },
                "yt_channels": [],
              },
              "entity_urn": "urn:user:968187695744425997",
              "from": {
                "_collapsed": false,
                "_viewed": false,
                "access_id": false,
                "allow_comments": false,
                "allow_unsubscribed_contact": false,
                "ban_reason": false,
                "banned": "no",
                "blocked": undefined,
                "boostProPlus": false,
                "boost_autorotate": true,
                "boost_rating": 1,
                "briefdescription": "",
                "btc_address": "",
                "canary": false,
                "categories": [],
                "city": false,
                "confirmEmail": [Function],
                "container_guid": false,
                "disable_autoplay_videos": false,
                "disabled_boost": false,
                "dismissed_widgets": [],
                "email_confirmed": true,
                "eth_wallet": "",
                "fb": false,
                "feature_flags": false,
                "featured_id": false,
                "founder": false,
                "gender": false,
                "groupsCount": 0,
                "guid": "100000000000000519",
                "hashtags": false,
                "hide_share_buttons": false,
                "icontime": "1623077876",
                "impressions": undefined,
                "isOwner": [Function],
                "is_admin": false,
                "is_mature": false,
                "last_accepted_tos": 1558597098,
                "last_avatar_upload": "0",
                "legacy_guid": false,
                "liquidity_spot_opt_out": 0,
                "mature": 0,
                "mature_lock": false,
                "mature_visibility": false,
                "merchant": false,
                "mode": 0,
                "monetized": false,
                "name": "Minds",
                "nsfw": [],
                "nsfw_lock": [],
                "onchain_booster": 0,
                "opted_in_hashtags": 0,
                "owner_guid": false,
                "p2p_media_enabled": false,
                "pending_subscribe": false,
                "permissions": {},
                "pinned_posts": [],
                "plus": false,
                "plus_method": "tokens",
                "pro": false,
                "pro_method": "tokens",
                "pro_published": false,
                "programs": [],
                "rating": 1,
                "rewards": false,
                "signup_method": false,
                "site_guid": false,
                "social_profiles": [],
                "subscribed": true,
                "subscriber": false,
                "subscribers_count": undefined,
                "subscriptions_count": 0,
                "subtype": false,
                "surge_token": "",
                "tags": [],
                "theme": false,
                "time_created": "1623077876",
                "time_updated": false,
                "toaster_notifications": true,
                "type": "user",
                "urn": "urn:user:100000000000000519",
                "username": "minds",
                "verified": false,
                "website": false,
                "wire_rewards": null,
                "yt_channels": [],
              },
              "from_guid": "100000000000000519",
              "merge_key": "52161ea64224a6ac08d653f9dd40b6e568d55362945138174507bf566e9e5e63",
              "merged_count": 0,
              "merged_from": [],
              "merged_from_guids": [],
              "read": true,
              "to_guid": "968187695744425997",
              "type": "token_rewards_summary",
              "urn": "urn:notification:968187695744425997-4a427b80-c53d-11eb-a497-93e2755f275f",
              "uuid": "4a427b80-c53d-11eb-a497-93e2755f275f",
            }
          }
          router={
            {
              "navToEntity": [Function],
            }
          }
        />
         
      </MText>
    </AnimatedView>
    <AnimatedView
      style={
        {
          "alignSelf": "center",
          "flex": 2,
          "flexDirection": "row",
          "justifyContent": "flex-end",
        }
      }
    >
      <MText
        style={
          [
            {
              "fontSize": 15,
              "lineHeight": 18,
            },
            {
              "fontWeight": "400",
            },
            {
              "color": "#b9bbc0",
            },
          ]
        }
      >
        1w
      </MText>
    </AnimatedView>
  </AnimatedView>
  <Memo()
    notification={
      NotificationModel {
        "created_timestamp": 1622815259,
        "data": {
          "tokens_formatted": "0.332",
          "usd_formatted": "0.36",
        },
        "entity": {
          "access_id": "2",
          "allow_comments": false,
          "allow_unsubscribed_contact": false,
          "ban_reason": false,
          "banned": "no",
          "boostProPlus": false,
          "boost_autorotate": true,
          "boost_rating": 1,
          "briefdescription": "Full Stack Developer at @minds",
          "btc_address": "1M27rFgyxqGdbmyjABu7J3pqa2YPhFs4mp",
          "canary": true,
          "categories": [],
          "chat": true,
          "city": "Colonia Avellaneda",
          "container_guid": "0",
          "disable_autoplay_videos": true,
          "disabled_boost": false,
          "dismissed_widgets": [
            "language-sidebar-2020",
            "discovery-disclaimer-2020",
          ],
          "email_confirmed": true,
          "eth_wallet": "0xd3004e3cbA40079c31F80F0C465aacc34588bd79",
          "fb": false,
          "feature_flags": false,
          "featured_id": false,
          "founder": false,
          "gender": "",
          "guid": "968187695744425997",
          "hashtags": false,
          "hide_share_buttons": true,
          "icontime": "1613843786",
          "is_admin": false,
          "is_mature": false,
          "language": "en",
          "last_accepted_tos": 1558597098,
          "last_avatar_upload": "1565703100",
          "legacy_guid": false,
          "liquidity_spot_opt_out": 0,
          "mature": 1,
          "mature_lock": false,
          "merchant": {
            "id": "acct_1Gj1tZDf4yhop99j",
            "service": "stripe",
          },
          "mode": 0,
          "monetized": "",
          "name": "Juan",
          "nsfw": [],
          "nsfw_lock": [],
          "onchain_booster": 0,
          "opted_in_hashtags": 5,
          "owner_guid": "0",
          "p2p_media_enabled": false,
          "pinned_posts": [
            "1234531362564866048",
          ],
          "plus": false,
          "pro": false,
          "pro_published": false,
          "programs": [],
          "rating": 1,
          "rewards": true,
          "signup_method": false,
          "site_guid": false,
          "social_profiles": [
            {
              "key": "linkedin",
              "value": "linkedin.com/in/juan-manuel-solaro-730a48184",
            },
          ],
          "subscribed": false,
          "subscriber": false,
          "subtype": false,
          "surge_token": "eyJzZXJ2aWNlIjoiZ29vZ2xlIiwidG9rZW4iOiJkbzZ2LWhfWGhxMDpBUEE5MWJGQ3N0T3c4QzdPR3M0ZjZDZ3VzWWhma0JScGstMF9rN0xValQyUmJhRGtmTmJpZXlSSG1oRmRJeTlRRTlEY0tsV0ZPZFNxR3hfNU9YQnI3VXFUV3paMDFNZ1ZSYm9fVXM3WjZrQVpiX2ZtdDU2akh2LVdUNXk3RzM4ZlBIQ1QwSDZEdXU5RyJ9",
          "tags": [
            "technology",
            "crypto",
            "blockchain",
            "music",
            "art",
          ],
          "theme": "dark",
          "time_created": "1556209934",
          "time_updated": false,
          "toaster_notifications": true,
          "type": "user",
          "urn": "urn:user:968187695744425997",
          "username": "juanmsolaro",
          "verified": true,
          "website": "",
          "wire_rewards": {
            "description": "",
            "rewards": {
              "money": [
                {
                  "amount": "1",
                  "description": "VIP",
                },
              ],
              "points": [],
              "tokens": [
                {
                  "amount": "1",
                  "description": "Common Citizen",
                },
                {
                  "amount": "2",
                  "description": "Adventurer",
                },
                {
                  "amount": "3",
                  "description": "Hero",
                },
              ],
            },
          },
          "yt_channels": [],
        },
        "entity_urn": "urn:user:968187695744425997",
        "from": {
          "_collapsed": false,
          "_viewed": false,
          "access_id": false,
          "allow_comments": false,
          "allow_unsubscribed_contact": false,
          "ban_reason": false,
          "banned": "no",
          "blocked": undefined,
          "boostProPlus": false,
          "boost_autorotate": true,
          "boost_rating": 1,
          "briefdescription": "",
          "btc_address": "",
          "canary": false,
          "categories": [],
          "city": false,
          "confirmEmail": [Function],
          "container_guid": false,
          "disable_autoplay_videos": false,
          "disabled_boost": false,
          "dismissed_widgets": [],
          "email_confirmed": true,
          "eth_wallet": "",
          "fb": false,
          "feature_flags": false,
          "featured_id": false,
          "founder": false,
          "gender": false,
          "groupsCount": 0,
          "guid": "100000000000000519",
          "hashtags": false,
          "hide_share_buttons": false,
          "icontime": "1623077876",
          "impressions": undefined,
          "isOwner": [Function],
          "is_admin": false,
          "is_mature": false,
          "last_accepted_tos": 1558597098,
          "last_avatar_upload": "0",
          "legacy_guid": false,
          "liquidity_spot_opt_out": 0,
          "mature": 0,
          "mature_lock": false,
          "mature_visibility": false,
          "merchant": false,
          "mode": 0,
          "monetized": false,
          "name": "Minds",
          "nsfw": [],
          "nsfw_lock": [],
          "onchain_booster": 0,
          "opted_in_hashtags": 0,
          "owner_guid": false,
          "p2p_media_enabled": false,
          "pending_subscribe": false,
          "permissions": {},
          "pinned_posts": [],
          "plus": false,
          "plus_method": "tokens",
          "pro": false,
          "pro_method": "tokens",
          "pro_published": false,
          "programs": [],
          "rating": 1,
          "rewards": false,
          "signup_method": false,
          "site_guid": false,
          "social_profiles": [],
          "subscribed": true,
          "subscriber": false,
          "subscribers_count": undefined,
          "subscriptions_count": 0,
          "subtype": false,
          "surge_token": "",
          "tags": [],
          "theme": false,
          "time_created": "1623077876",
          "time_updated": false,
          "toaster_notifications": true,
          "type": "user",
          "urn": "urn:user:100000000000000519",
          "username": "minds",
          "verified": false,
          "website": false,
          "wire_rewards": null,
          "yt_channels": [],
        },
        "from_guid": "100000000000000519",
        "merge_key": "52161ea64224a6ac08d653f9dd40b6e568d55362945138174507bf566e9e5e63",
        "merged_count": 0,
        "merged_from": [],
        "merged_from_guids": [],
        "read": true,
        "to_guid": "968187695744425997",
        "type": "token_rewards_summary",
        "urn": "urn:notification:968187695744425997-4a427b80-c53d-11eb-a497-93e2755f275f",
        "uuid": "4a427b80-c53d-11eb-a497-93e2755f275f",
      }
    }
  />
</TouchableOpacity>
`;
