// Jest Snapshot v1, https://goo.gl/fbAQLP

exports[`Notifications Screen Component renders correctly 1`] = `
<View
  style={
    [
      {
        "alignContent": "center",
        "alignItems": "center",
        "flex": 1,
        "flexDirection": "column",
        "justifyContent": "center",
      },
    ]
  }
>
  <View
    style={
      {
        "alignSelf": "stretch",
        "marginVertical": 16,
      }
    }
  >
    <Text
      style={
        [
          {
            "color": "#F2F2F2",
          },
          {
            "fontFamily": "Roboto_700Bold",
          },
          {
            "fontSize": 30,
            "lineHeight": 36,
          },
          {
            "textAlign": "left",
          },
        ]
      }
    >
      Sorry!
    </Text>
  </View>
  <View
    style={
      {
        "alignSelf": "stretch",
        "marginVertical": 12,
      }
    }
  >
    <Text
      style={
        [
          {
            "color": "#F2F2F2",
          },
          {
            "fontFamily": "Roboto_700Bold",
          },
          {
            "fontSize": 18,
            "lineHeight": 28,
          },
          {
            "textAlign": "left",
          },
        ]
      }
    >
      Error displaying the content
    </Text>
  </View>
  <View
    style={
      {
        "alignSelf": "stretch",
        "marginBottom": 16,
      }
    }
  >
    <Text
      accessibilityState={
        {
          "busy": undefined,
          "checked": undefined,
          "disabled": undefined,
          "expanded": undefined,
          "selected": undefined,
        }
      }
      accessible={true}
      focusable={true}
      hitSlop={
        {
          "bottom": 4,
          "left": 4,
          "right": 4,
          "top": 4,
        }
      }
      onClick={[Function]}
      onResponderGrant={[Function]}
      onResponderMove={[Function]}
      onResponderRelease={[Function]}
      onResponderTerminate={[Function]}
      onResponderTerminationRequest={[Function]}
      onStartShouldSetResponder={[Function]}
      style={
        [
          {
            "color": "#F2F2F2",
          },
          {
            "fontFamily": "Roboto_400Regular",
          },
          {
            "fontSize": 14,
            "lineHeight": 20,
          },
          {
            "textAlign": "center",
          },
        ]
      }
    >
      Tap to copy the error
      

      and
    </Text>
  </View>
  <View
    style={
      {
        "alignSelf": "stretch",
        "marginVertical": 16,
      }
    }
  >
    <View
      accessibilityState={
        {
          "busy": undefined,
          "checked": undefined,
          "disabled": undefined,
          "expanded": undefined,
          "selected": undefined,
        }
      }
      accessibilityValue={
        {
          "max": undefined,
          "min": undefined,
          "now": undefined,
          "text": undefined,
        }
      }
      accessible={true}
      collapsable={false}
      focusable={true}
      onBlur={[Function]}
      onClick={[Function]}
      onFocus={[Function]}
      onResponderGrant={[Function]}
      onResponderMove={[Function]}
      onResponderRelease={[Function]}
      onResponderTerminate={[Function]}
      onResponderTerminationRequest={[Function]}
      onStartShouldSetResponder={[Function]}
      style={
        {
          "alignSelf": "stretch",
        }
      }
    >
      <View
        style={
          [
            {
              "alignItems": "center",
              "backgroundColor": "transparent",
              "borderRadius": 100,
              "flexDirection": "column",
              "justifyContent": "center",
              "overflow": "hidden",
            },
            undefined,
            {
              "minHeight": 42,
              "paddingHorizontal": 24,
              "paddingVertical": 2,
            },
            undefined,
            undefined,
            undefined,
            false,
          ]
        }
      >
        <View
          style={
            {
              "alignItems": "center",
              "backgroundColor": "#fd8b7c",
              "borderColor": "transparent",
              "borderRadius": 100,
              "borderWidth": 1,
              "bottom": 0,
              "justifyContent": "center",
              "left": 0,
              "position": "absolute",
              "right": 0,
              "top": 0,
            }
          }
        />
        <View
          collapsable={false}
          style={
            {
              "backgroundColor": "rgba(0, 0, 0, 0.1)",
              "bottom": 0,
              "left": 0,
              "opacity": 0,
              "position": "absolute",
              "right": 0,
              "top": 0,
            }
          }
        />
        <View
          collapsable={false}
          style={
            {
              "transform": [
                {
                  "scale": 1,
                },
              ],
            }
          }
        >
          <Text
            numberOfLines={1}
            style={
              [
                {
                  "color": "#FFFFFF",
                },
                {
                  "fontFamily": "Roboto_500Medium",
                },
                {
                  "fontSize": 18,
                  "lineHeight": 24,
                },
                {
                  "textAlign": "left",
                },
              ]
            }
          >
            Go back
          </Text>
        </View>
      </View>
    </View>
  </View>
</View>
`;
