// Jest Snapshot v1, https://goo.gl/fbAQLP

exports[`Boost action component renders correctly 1`] = `
<View>
  <View
    onPress={[Function]}
    style={
      Array [
        undefined,
        undefined,
        undefined,
        undefined,
      ]
    }
    underlayColor="transparent"
  >
    <View
      style={
        Array [
          undefined,
          undefined,
        ]
      }
    >
      <Text
        allowFontScaling={false}
        style={
          Array [
            Object {
              "color": undefined,
              "fontSize": 12,
            },
            Array [
              undefined,
              undefined,
            ],
            Object {
              "fontFamily": "Material Design Icons",
              "fontStyle": "normal",
              "fontWeight": "normal",
            },
            Object {},
          ]
        }
      >
        ó°”µ
      </Text>
      <Text
        numberOfLines={1}
        style={
          Array [
            Object {
              "fontFamily": "Roboto",
              "fontSize": 12,
              "fontWeight": "500",
              "letterSpacing": 1,
              "lineHeight": 21,
              "marginLeft": 3,
              "textAlignVertical": "center",
            },
            undefined,
          ]
        }
      >
        Boost
      </Text>
    </View>
  </View>
</View>
`;
