// Jest Snapshot v1, https://goo.gl/fbAQLP

exports[`Owner component renders correctly 1`] = `
<View
  style={
    Object {
      "alignItems": "center",
      "flexDirection": "column",
    }
  }
>
  <Text
    size={15}
    style={
      Array [
        undefined,
        undefined,
        undefined,
        undefined,
      ]
    }
  >
    100
  </Text>
</View>
`;
