// Jest Snapshot v1, https://goo.gl/fbAQLP

exports[`Thumb action component renders correctly 1`] = `
<preventDoubleTap(TouchableOpacity)
  onPress={[Function]}
  style={
    Array [
      undefined,
      undefined,
      undefined,
      undefined,
    ]
  }
  testID="Thumb down activity button"
>
  <Icon
    allowFontScaling={false}
    name="thumb-down"
    size={21}
    style={
      Array [
        undefined,
        undefined,
      ]
    }
  />
</preventDoubleTap(TouchableOpacity)>
`;
