// Jest Snapshot v1, https://goo.gl/fbAQLP

exports[`blog view screen component should renders correctly 1`] = `null`;
