// Jest Snapshot v1, https://goo.gl/fbAQLP

exports[`DashboardTab component should render correctly 1`] = `""`;
