// Jest Snapshot v1, https://goo.gl/fbAQLP

exports[`Messenger setup component should renders correctly with entity 1`] = `
<View
  style={
    Array [
      Object {
        "flex": 1,
      },
      Object {
        "backgroundColor": "black",
      },
      undefined,
    ]
  }
>
  <View
    accessible={true}
    focusable={true}
    onClick={[Function]}
    onResponderGrant={[Function]}
    onResponderMove={[Function]}
    onResponderRelease={[Function]}
    onResponderTerminate={[Function]}
    onResponderTerminationRequest={[Function]}
    onStartShouldSetResponder={[Function]}
    style={
      Object {
        "alignItems": "center",
        "bottom": 0,
        "flexDirection": "column",
        "justifyContent": "center",
        "left": 0,
        "position": "absolute",
        "right": 0,
        "top": 0,
      }
    }
  >
    <View
      style={
        Array [
          Object {
            "bottom": 0,
            "left": 0,
            "position": "absolute",
            "right": 0,
            "top": 0,
          },
          Object {
            "alignContent": "center",
            "alignItems": "center",
            "alignSelf": "center",
            "justifyContent": "center",
          },
          Object {
            "marginTop": 10,
          },
        ]
      }
    >
      <Text
        allowFontScaling={false}
        onPress={[Function]}
        style={
          Array [
            Object {
              "color": "#f7f7f7",
              "fontSize": 56,
            },
            Object {
              "alignSelf": "center",
              "bottom": 0,
              "left": 0,
              "position": "relative",
              "right": 0,
              "top": 0,
            },
            Object {
              "fontFamily": "Ionicons",
              "fontStyle": "normal",
              "fontWeight": "normal",
            },
            Object {},
          ]
        }
      >
        
      </Text>
    </View>
  </View>
</View>
`;

exports[`Messenger setup component should renders correctly with source 1`] = `
<View
  style={
    Array [
      Object {
        "flex": 1,
      },
      Object {
        "backgroundColor": "black",
      },
      undefined,
    ]
  }
>
  <View
    accessible={true}
    focusable={true}
    onClick={[Function]}
    onResponderGrant={[Function]}
    onResponderMove={[Function]}
    onResponderRelease={[Function]}
    onResponderTerminate={[Function]}
    onResponderTerminationRequest={[Function]}
    onStartShouldSetResponder={[Function]}
    style={
      Object {
        "alignItems": "center",
        "bottom": 0,
        "flexDirection": "column",
        "justifyContent": "center",
        "left": 0,
        "position": "absolute",
        "right": 0,
        "top": 0,
      }
    }
  >
    <View
      style={
        Array [
          Object {
            "bottom": 0,
            "left": 0,
            "position": "absolute",
            "right": 0,
            "top": 0,
          },
          Object {
            "alignContent": "center",
            "alignItems": "center",
            "alignSelf": "center",
            "justifyContent": "center",
          },
          Object {
            "marginTop": 10,
          },
        ]
      }
    >
      <Text
        allowFontScaling={false}
        onPress={[Function]}
        style={
          Array [
            Object {
              "color": "#f7f7f7",
              "fontSize": 56,
            },
            Object {
              "alignSelf": "center",
              "bottom": 0,
              "left": 0,
              "position": "relative",
              "right": 0,
              "top": 0,
            },
            Object {
              "fontFamily": "Ionicons",
              "fontStyle": "normal",
              "fontWeight": "normal",
            },
            Object {},
          ]
        }
      >
        
      </Text>
    </View>
  </View>
</View>
`;
