// Jest Snapshot v1, https://goo.gl/fbAQLP

exports[`Modal page Modal snapshot test 1`] = `[Function]`;
