// Jest Snapshot v1, https://goo.gl/fbAQLP

exports[`Login page Login snapshot test 1`] = `[Function]`;
