// Jest Snapshot v1, https://goo.gl/fbAQLP

exports[`Activity component renders correctly 1`] = `
<TouchableOpacity
  activeOpacity={0.8}
  delayPressIn={60}
  onLayout={[Function]}
  onLongPress={[Function]}
  onPress={[Function]}
  style={
    Array [
      Object {
        "overflow": "visible",
      },
      undefined,
      undefined,
      undefined,
    ]
  }
  testID="ActivityView"
>
  <Pinned
    entity={
      Object {
        "allow_comments": true,
        "attachment_guid": false,
        "blurb": false,
        "comments:count": undefined,
        "containerObj": undefined,
        "container_guid": "activityguid0",
        "custom_data": false,
        "custom_type": false,
        "description": "Congratulations! ",
        "edited": "",
        "entity_guid": "",
        "getLockType": [Function],
        "guid": "activityguid0",
        "impressions": 0,
        "isOwner": [Function],
        "is_visible": false,
        "mature": false,
        "mature_visibility": false,
        "message": "Message",
        "ownerObj": Object {
          "__list": null,
          "allow_comments": true,
          "blocked": undefined,
          "confirmEmail": [Function],
          "email_confirmed": false,
          "eth_wallet": "",
          "founder": false,
          "groupsCount": 0,
          "guid": "824853017709780997",
          "impressions": undefined,
          "isOwner": [Function],
          "is_admin": false,
          "last_accepted_tos": 0,
          "mature": false,
          "mature_visibility": false,
          "mode": 0,
          "onchain_booster": 0,
          "pending_subscribe": false,
          "permissions": Object {},
          "plus": false,
          "pro": false,
          "rewards": false,
          "subscribed": undefined,
          "subscribers_count": undefined,
          "subscriptions_count": 0,
          "subtype": false,
          "tags": Array [],
          "time_created": "1522036284",
          "type": "user",
          "urn": "",
          "username": "",
          "verified": false,
          "wire_rewards": undefined,
        },
        "owner_guid": "824853017709780997",
        "parent_guid": "838106762591510528",
        "paywall": "",
        "paywall_unlocked": false,
        "perma_url": false,
        "permissions": Object {},
        "pinned": false,
        "reminds": 0,
        "rowKey": "something0",
        "shouldBeBlured": [MockFunction] {
          "calls": Array [
            Array [],
          ],
          "results": Array [
            Object {
              "type": "return",
              "value": undefined,
            },
          ],
        },
        "subtype": "",
        "thumbnail_src": false,
        "thumbs:down:count": undefined,
        "thumbs:down:user_guids": undefined,
        "thumbs:up:count": undefined,
        "thumbs:up:user_guids": undefined,
        "time_created": "1522036284",
        "title": "TITLE",
        "type": "activity",
        "urn": "",
        "username": "",
        "wire_totals": Object {
          "tokens": 1000000000000000000,
        },
      }
    }
  />
  <OwnerBlock
    entity={
      Object {
        "allow_comments": true,
        "attachment_guid": false,
        "blurb": false,
        "comments:count": undefined,
        "containerObj": undefined,
        "container_guid": "activityguid0",
        "custom_data": false,
        "custom_type": false,
        "description": "Congratulations! ",
        "edited": "",
        "entity_guid": "",
        "getLockType": [Function],
        "guid": "activityguid0",
        "impressions": 0,
        "isOwner": [Function],
        "is_visible": false,
        "mature": false,
        "mature_visibility": false,
        "message": "Message",
        "ownerObj": Object {
          "__list": null,
          "allow_comments": true,
          "blocked": undefined,
          "confirmEmail": [Function],
          "email_confirmed": false,
          "eth_wallet": "",
          "founder": false,
          "groupsCount": 0,
          "guid": "824853017709780997",
          "impressions": undefined,
          "isOwner": [Function],
          "is_admin": false,
          "last_accepted_tos": 0,
          "mature": false,
          "mature_visibility": false,
          "mode": 0,
          "onchain_booster": 0,
          "pending_subscribe": false,
          "permissions": Object {},
          "plus": false,
          "pro": false,
          "rewards": false,
          "subscribed": undefined,
          "subscribers_count": undefined,
          "subscriptions_count": 0,
          "subtype": false,
          "tags": Array [],
          "time_created": "1522036284",
          "type": "user",
          "urn": "",
          "username": "",
          "verified": false,
          "wire_rewards": undefined,
        },
        "owner_guid": "824853017709780997",
        "parent_guid": "838106762591510528",
        "paywall": "",
        "paywall_unlocked": false,
        "perma_url": false,
        "permissions": Object {},
        "pinned": false,
        "reminds": 0,
        "rowKey": "something0",
        "shouldBeBlured": [MockFunction] {
          "calls": Array [
            Array [],
          ],
          "results": Array [
            Object {
              "type": "return",
              "value": undefined,
            },
          ],
        },
        "subtype": "",
        "thumbnail_src": false,
        "thumbs:down:count": undefined,
        "thumbs:down:user_guids": undefined,
        "thumbs:up:count": undefined,
        "thumbs:up:user_guids": undefined,
        "time_created": "1522036284",
        "title": "TITLE",
        "type": "activity",
        "urn": "",
        "username": "",
        "wire_totals": Object {
          "tokens": 1000000000000000000,
        },
      }
    }
    navigation={
      Object {
        "navigate": [MockFunction],
        "push": [MockFunction],
      }
    }
    rightToolbar={
      <View>
        <ActivityActionSheet
          entity={
            Object {
              "allow_comments": true,
              "attachment_guid": false,
              "blurb": false,
              "comments:count": undefined,
              "containerObj": undefined,
              "container_guid": "activityguid0",
              "custom_data": false,
              "custom_type": false,
              "description": "Congratulations! ",
              "edited": "",
              "entity_guid": "",
              "getLockType": [Function],
              "guid": "activityguid0",
              "impressions": 0,
              "isOwner": [Function],
              "is_visible": false,
              "mature": false,
              "mature_visibility": false,
              "message": "Message",
              "ownerObj": Object {
                "__list": null,
                "allow_comments": true,
                "blocked": undefined,
                "confirmEmail": [Function],
                "email_confirmed": false,
                "eth_wallet": "",
                "founder": false,
                "groupsCount": 0,
                "guid": "824853017709780997",
                "impressions": undefined,
                "isOwner": [Function],
                "is_admin": false,
                "last_accepted_tos": 0,
                "mature": false,
                "mature_visibility": false,
                "mode": 0,
                "onchain_booster": 0,
                "pending_subscribe": false,
                "permissions": Object {},
                "plus": false,
                "pro": false,
                "rewards": false,
                "subscribed": undefined,
                "subscribers_count": undefined,
                "subscriptions_count": 0,
                "subtype": false,
                "tags": Array [],
                "time_created": "1522036284",
                "type": "user",
                "urn": "",
                "username": "",
                "verified": false,
                "wire_rewards": undefined,
              },
              "owner_guid": "824853017709780997",
              "parent_guid": "838106762591510528",
              "paywall": "",
              "paywall_unlocked": false,
              "perma_url": false,
              "permissions": Object {},
              "pinned": false,
              "reminds": 0,
              "rowKey": "something0",
              "shouldBeBlured": [MockFunction] {
                "calls": Array [
                  Array [],
                ],
                "results": Array [
                  Object {
                    "type": "return",
                    "value": undefined,
                  },
                ],
              },
              "subtype": "",
              "thumbnail_src": false,
              "thumbs:down:count": undefined,
              "thumbs:down:user_guids": undefined,
              "thumbs:up:count": undefined,
              "thumbs:up:user_guids": undefined,
              "time_created": "1522036284",
              "title": "TITLE",
              "type": "activity",
              "urn": "",
              "username": "",
              "wire_totals": Object {
                "tokens": 1000000000000000000,
              },
            }
          }
          navigation={
            Object {
              "navigate": [MockFunction],
              "push": [MockFunction],
            }
          }
          onTranslate={[Function]}
          testID=""
        />
      </View>
    }
  >
    <View>
      <Text
        style={
          Array [
            Object {
              "color": "#888",
              "fontSize": 14,
            },
            Object {
              "paddingRight": 5,
            },
            undefined,
          ]
        }
      >
        3 years ago
      </Text>
    </View>
  </OwnerBlock>
  <View
    style={
      Object {
        "justifyContent": "center",
        "minHeight": 150,
      }
    }
  >
    <MediaView
      entity={
        Object {
          "allow_comments": true,
          "attachment_guid": false,
          "blurb": false,
          "comments:count": undefined,
          "containerObj": undefined,
          "container_guid": "activityguid0",
          "custom_data": false,
          "custom_type": false,
          "description": "Congratulations! ",
          "edited": "",
          "entity_guid": "",
          "getLockType": [Function],
          "guid": "activityguid0",
          "impressions": 0,
          "isOwner": [Function],
          "is_visible": false,
          "mature": false,
          "mature_visibility": false,
          "message": "Message",
          "ownerObj": Object {
            "__list": null,
            "allow_comments": true,
            "blocked": undefined,
            "confirmEmail": [Function],
            "email_confirmed": false,
            "eth_wallet": "",
            "founder": false,
            "groupsCount": 0,
            "guid": "824853017709780997",
            "impressions": undefined,
            "isOwner": [Function],
            "is_admin": false,
            "last_accepted_tos": 0,
            "mature": false,
            "mature_visibility": false,
            "mode": 0,
            "onchain_booster": 0,
            "pending_subscribe": false,
            "permissions": Object {},
            "plus": false,
            "pro": false,
            "rewards": false,
            "subscribed": undefined,
            "subscribers_count": undefined,
            "subscriptions_count": 0,
            "subtype": false,
            "tags": Array [],
            "time_created": "1522036284",
            "type": "user",
            "urn": "",
            "username": "",
            "verified": false,
            "wire_rewards": undefined,
          },
          "owner_guid": "824853017709780997",
          "parent_guid": "838106762591510528",
          "paywall": "",
          "paywall_unlocked": false,
          "perma_url": false,
          "permissions": Object {},
          "pinned": false,
          "reminds": 0,
          "rowKey": "something0",
          "shouldBeBlured": [MockFunction] {
            "calls": Array [
              Array [],
            ],
            "results": Array [
              Object {
                "type": "return",
                "value": undefined,
              },
            ],
          },
          "subtype": "",
          "thumbnail_src": false,
          "thumbs:down:count": undefined,
          "thumbs:down:user_guids": undefined,
          "thumbs:up:count": undefined,
          "thumbs:up:user_guids": undefined,
          "time_created": "1522036284",
          "title": "TITLE",
          "type": "activity",
          "urn": "",
          "username": "",
          "wire_totals": Object {
            "tokens": 1000000000000000000,
          },
        }
      }
      onPress={[Function]}
      style={
        Object {
          "flex": 1,
        }
      }
      width={750}
    />
    <View
      style={
        Object {
          "paddingHorizontal": 20,
          "paddingVertical": 15,
        }
      }
    >
      <ExplicitText
        entity={
          Object {
            "allow_comments": true,
            "attachment_guid": false,
            "blurb": false,
            "comments:count": undefined,
            "containerObj": undefined,
            "container_guid": "activityguid0",
            "custom_data": false,
            "custom_type": false,
            "description": "Congratulations! ",
            "edited": "",
            "entity_guid": "",
            "getLockType": [Function],
            "guid": "activityguid0",
            "impressions": 0,
            "isOwner": [Function],
            "is_visible": false,
            "mature": false,
            "mature_visibility": false,
            "message": "Message",
            "ownerObj": Object {
              "__list": null,
              "allow_comments": true,
              "blocked": undefined,
              "confirmEmail": [Function],
              "email_confirmed": false,
              "eth_wallet": "",
              "founder": false,
              "groupsCount": 0,
              "guid": "824853017709780997",
              "impressions": undefined,
              "isOwner": [Function],
              "is_admin": false,
              "last_accepted_tos": 0,
              "mature": false,
              "mature_visibility": false,
              "mode": 0,
              "onchain_booster": 0,
              "pending_subscribe": false,
              "permissions": Object {},
              "plus": false,
              "pro": false,
              "rewards": false,
              "subscribed": undefined,
              "subscribers_count": undefined,
              "subscriptions_count": 0,
              "subtype": false,
              "tags": Array [],
              "time_created": "1522036284",
              "type": "user",
              "urn": "",
              "username": "",
              "verified": false,
              "wire_rewards": undefined,
            },
            "owner_guid": "824853017709780997",
            "parent_guid": "838106762591510528",
            "paywall": "",
            "paywall_unlocked": false,
            "perma_url": false,
            "permissions": Object {},
            "pinned": false,
            "reminds": 0,
            "rowKey": "something0",
            "shouldBeBlured": [MockFunction] {
              "calls": Array [
                Array [],
              ],
              "results": Array [
                Object {
                  "type": "return",
                  "value": undefined,
                },
              ],
            },
            "subtype": "",
            "thumbnail_src": false,
            "thumbs:down:count": undefined,
            "thumbs:down:user_guids": undefined,
            "thumbs:up:count": undefined,
            "thumbs:up:user_guids": undefined,
            "time_created": "1522036284",
            "title": "TITLE",
            "type": "activity",
            "urn": "",
            "username": "",
            "wire_totals": Object {
              "tokens": 1000000000000000000,
            },
          }
        }
        navigation={
          Object {
            "navigate": [MockFunction],
            "push": [MockFunction],
          }
        }
        style={
          Array [
            Object {
              "fontFamily": "Roboto",
              "fontSize": 16,
              "lineHeight": 24,
            },
            Array [
              undefined,
              undefined,
            ],
          ]
        }
      />
      <Translate
        entity={
          Object {
            "allow_comments": true,
            "attachment_guid": false,
            "blurb": false,
            "comments:count": undefined,
            "containerObj": undefined,
            "container_guid": "activityguid0",
            "custom_data": false,
            "custom_type": false,
            "description": "Congratulations! ",
            "edited": "",
            "entity_guid": "",
            "getLockType": [Function],
            "guid": "activityguid0",
            "impressions": 0,
            "isOwner": [Function],
            "is_visible": false,
            "mature": false,
            "mature_visibility": false,
            "message": "Message",
            "ownerObj": Object {
              "__list": null,
              "allow_comments": true,
              "blocked": undefined,
              "confirmEmail": [Function],
              "email_confirmed": false,
              "eth_wallet": "",
              "founder": false,
              "groupsCount": 0,
              "guid": "824853017709780997",
              "impressions": undefined,
              "isOwner": [Function],
              "is_admin": false,
              "last_accepted_tos": 0,
              "mature": false,
              "mature_visibility": false,
              "mode": 0,
              "onchain_booster": 0,
              "pending_subscribe": false,
              "permissions": Object {},
              "plus": false,
              "pro": false,
              "rewards": false,
              "subscribed": undefined,
              "subscribers_count": undefined,
              "subscriptions_count": 0,
              "subtype": false,
              "tags": Array [],
              "time_created": "1522036284",
              "type": "user",
              "urn": "",
              "username": "",
              "verified": false,
              "wire_rewards": undefined,
            },
            "owner_guid": "824853017709780997",
            "parent_guid": "838106762591510528",
            "paywall": "",
            "paywall_unlocked": false,
            "perma_url": false,
            "permissions": Object {},
            "pinned": false,
            "reminds": 0,
            "rowKey": "something0",
            "shouldBeBlured": [MockFunction] {
              "calls": Array [
                Array [],
              ],
              "results": Array [
                Object {
                  "type": "return",
                  "value": undefined,
                },
              ],
            },
            "subtype": "",
            "thumbnail_src": false,
            "thumbs:down:count": undefined,
            "thumbs:down:user_guids": undefined,
            "thumbs:up:count": undefined,
            "thumbs:up:user_guids": undefined,
            "time_created": "1522036284",
            "title": "TITLE",
            "type": "activity",
            "urn": "",
            "username": "",
            "wire_totals": Object {
              "tokens": 1000000000000000000,
            },
          }
        }
        style={
          Object {
            "fontFamily": "Roboto",
            "fontSize": 16,
            "lineHeight": 24,
          }
        }
      />
    </View>
  </View>
  <Actions
    entity={
      Object {
        "allow_comments": true,
        "attachment_guid": false,
        "blurb": false,
        "comments:count": undefined,
        "containerObj": undefined,
        "container_guid": "activityguid0",
        "custom_data": false,
        "custom_type": false,
        "description": "Congratulations! ",
        "edited": "",
        "entity_guid": "",
        "getLockType": [Function],
        "guid": "activityguid0",
        "impressions": 0,
        "isOwner": [Function],
        "is_visible": false,
        "mature": false,
        "mature_visibility": false,
        "message": "Message",
        "ownerObj": Object {
          "__list": null,
          "allow_comments": true,
          "blocked": undefined,
          "confirmEmail": [Function],
          "email_confirmed": false,
          "eth_wallet": "",
          "founder": false,
          "groupsCount": 0,
          "guid": "824853017709780997",
          "impressions": undefined,
          "isOwner": [Function],
          "is_admin": false,
          "last_accepted_tos": 0,
          "mature": false,
          "mature_visibility": false,
          "mode": 0,
          "onchain_booster": 0,
          "pending_subscribe": false,
          "permissions": Object {},
          "plus": false,
          "pro": false,
          "rewards": false,
          "subscribed": undefined,
          "subscribers_count": undefined,
          "subscriptions_count": 0,
          "subtype": false,
          "tags": Array [],
          "time_created": "1522036284",
          "type": "user",
          "urn": "",
          "username": "",
          "verified": false,
          "wire_rewards": undefined,
        },
        "owner_guid": "824853017709780997",
        "parent_guid": "838106762591510528",
        "paywall": "",
        "paywall_unlocked": false,
        "perma_url": false,
        "permissions": Object {},
        "pinned": false,
        "reminds": 0,
        "rowKey": "something0",
        "shouldBeBlured": [MockFunction] {
          "calls": Array [
            Array [],
          ],
          "results": Array [
            Object {
              "type": "return",
              "value": undefined,
            },
          ],
        },
        "subtype": "",
        "thumbnail_src": false,
        "thumbs:down:count": undefined,
        "thumbs:down:user_guids": undefined,
        "thumbs:up:count": undefined,
        "thumbs:up:user_guids": undefined,
        "time_created": "1522036284",
        "title": "TITLE",
        "type": "activity",
        "urn": "",
        "username": "",
        "wire_totals": Object {
          "tokens": 1000000000000000000,
        },
      }
    }
  />
</TouchableOpacity>
`;
