// Jest Snapshot v1, https://goo.gl/fbAQLP

exports[`Remind owner component renders correctly 1`] = `
<View
  style={
    Object {
      "alignItems": "center",
      "display": "flex",
      "flex": 1,
      "flexDirection": "row",
      "paddingLeft": 8,
      "paddingTop": 8,
    }
  }
>
  <Themed.Icon
    color="rgb(70, 144, 214)"
    name="repeat"
    size={16}
    style={
      Object {
        "marginLeft": 8,
        "marginRight": 8,
      }
    }
  />
  <TouchableOpacity
    onPress={[Function]}
  >
    <FastImage
      resizeMode="cover"
      source={
        Object {
          "headers": Object {
            "App-Version": "3.8.0",
            "Cache-Control": "no-cache, no-store, must-revalidate",
            "Content-Type": "application/json",
            "Pragma": "no-cache",
          },
          "uri": "https://cdn.minds.com/icon/824853017709780997/medium/undefined",
        }
      }
      style={
        Object {
          "borderColor": "#EEE",
          "borderRadius": 12,
          "borderWidth": 0.5,
          "height": 24,
          "marginLeft": 8,
          "width": 24,
        }
      }
    />
  </TouchableOpacity>
  <View
    style={
      Object {
        "flex": 1,
        "justifyContent": "center",
        "marginLeft": 8,
      }
    }
  >
    <TouchableOpacity
      onPress={[Function]}
      style={
        Array [
          Object {
            "flex": 1,
          },
        ]
      }
    >
      <Text
        style={
          Array [
            Object {
              "fontFamily": "Roboto",
              "fontSize": 13,
              "fontWeight": "bold",
              "lineHeight": 25,
            },
            undefined,
          ]
        }
      />
    </TouchableOpacity>
  </View>
</View>
`;
