// Jest Snapshot v1, https://goo.gl/fbAQLP

exports[`ForgotScreen component should renders correctly 1`] = `
<View
  onLayout={[Function]}
  style={
    Object {
      "paddingBottom": 0,
    }
  }
>
  <View
    style={
      Array [
        undefined,
        undefined,
      ]
    }
  >
    <RCTSafeAreaView
      emulateUnlessSupported={true}
    >
      <Text
        style={
          Array [
            undefined,
            undefined,
            undefined,
            undefined,
          ]
        }
      >
        Forgot your password?
      </Text>
      <Text
        style={
          Array [
            undefined,
            undefined,
            undefined,
            undefined,
          ]
        }
      >
        To request a new password, enter your username
      </Text>
      <View
        style={
          Array [
            undefined,
            Object {
              "paddingTop": 12,
            },
            undefined,
            undefined,
            undefined,
            undefined,
            Object {
              "backgroundColor": "rgba(0,0,0,0.25)",
              "borderColor": "rgba(255,255,255,0.30)",
            },
          ]
        }
      >
        <View>
          <View
            style={
              Object {
                "flexDirection": "row",
                "justifyContent": "space-between",
                "width": "100%",
              }
            }
          >
            <View
              style={
                Object {
                  "flexDirection": "row",
                  "justifyContent": "space-between",
                  "width": "100%",
                }
              }
            >
              <Text
                style={
                  Array [
                    Object {
                      "color": "#AEB0B8",
                      "fontFamily": "Roboto",
                      "fontSize": 16,
                      "fontWeight": "600",
                      "marginBottom": 5,
                    },
                    Array [
                      undefined,
                      undefined,
                      undefined,
                      undefined,
                    ],
                  ]
                }
              >
                Username
              </Text>
            </View>
          </View>
          <TextInput
            accessibilityLabel="usernameInput"
            allowFontScaling={true}
            autoCapitalize="none"
            containerStyle={
              Object {
                "backgroundColor": "rgba(0,0,0,0.25)",
                "borderColor": "rgba(255,255,255,0.30)",
              }
            }
            labelStyle={
              Array [
                undefined,
                undefined,
                undefined,
                undefined,
              ]
            }
            onChangeText={[Function]}
            placeholder=""
            placeholderTextColor="#444"
            rejectResponderTermination={true}
            returnKeyType="done"
            style={
              Array [
                undefined,
                Array [
                  Object {
                    "borderWidth": 0,
                    "height": 32,
                    "marginBottom": 7,
                    "padding": 0,
                  },
                  undefined,
                  undefined,
                  undefined,
                ],
              ]
            }
            underlineColorAndroid="transparent"
            value=""
          />
        </View>
      </View>
      <View
        style={
          Array [
            undefined,
            undefined,
          ]
        }
      >
        <View
          accessibilityLabel="backButton"
          onPress={[Function]}
          style={
            Array [
              undefined,
              undefined,
              undefined,
              undefined,
              Object {
                "backgroundColor": "#5DBAC0",
                "borderRadius": 36,
              },
              Array [
                undefined,
                undefined,
                undefined,
                undefined,
                Object {
                  "borderColor": "rgba(255,255,255,0.20)",
                },
              ],
            ]
          }
          text="Go back"
        >
          <Text
            style={
              Array [
                Object {
                  "color": "white",
                },
                undefined,
              ]
            }
          >
             
            Go back
             
          </Text>
        </View>
        <View
          accessibilityLabel="continueButton"
          disable={false}
          loadingRight={true}
          onPress={[Function]}
          style={
            Array [
              undefined,
              undefined,
              undefined,
              undefined,
              Object {
                "backgroundColor": "#5DBAC0",
                "borderRadius": 36,
              },
              Array [
                undefined,
                undefined,
                undefined,
                undefined,
                undefined,
                Object {
                  "borderColor": "rgba(255,255,255,0.20)",
                },
              ],
            ]
          }
          text="Continue"
        >
          <Text
            style={
              Array [
                Object {
                  "color": "white",
                },
                undefined,
              ]
            }
          >
             
            Continue
             
          </Text>
        </View>
      </View>
    </RCTSafeAreaView>
  </View>
</View>
`;
