// Jest Snapshot v1, https://goo.gl/fbAQLP

exports[`LoginForm component should renders correctly 1`] = `
<View>
  <View
    style={
      Object {
        "backgroundColor": "#00000000",
        "elevation": 6,
        "overflow": "visible",
        "shadowColor": "#000",
        "shadowOffset": Object {
          "height": 0,
          "width": 0,
        },
        "shadowOpacity": 0.8,
        "shadowRadius": 20,
        "zIndex": 999,
      }
    }
  >
    <View
      style={
        Array [
          undefined,
          Object {
            "paddingTop": 10,
          },
          undefined,
          undefined,
          null,
          undefined,
          Object {
            "backgroundColor": "rgba(0,0,0,0.25)",
            "borderColor": "rgba(255,255,255,0.30)",
          },
        ]
      }
    >
      <View>
        <View
          style={
            Object {
              "flexDirection": "row",
              "justifyContent": "space-between",
              "width": "100%",
            }
          }
        >
          <View
            style={
              Object {
                "flexDirection": "row",
                "justifyContent": "space-between",
                "width": "100%",
              }
            }
          >
            <Text
              style={
                Array [
                  Object {
                    "fontFamily": "Roboto",
                    "fontSize": 16,
                    "fontWeight": "600",
                    "marginBottom": 5,
                  },
                  undefined,
                  undefined,
                ]
              }
            >
              Username
            </Text>
          </View>
        </View>
        <TextInput
          allowFontScaling={true}
          autoCapitalize="none"
          autoCompleteType="username"
          containerStyle={
            Object {
              "backgroundColor": "rgba(0,0,0,0.25)",
              "borderColor": "rgba(255,255,255,0.30)",
            }
          }
          onChangeText={[Function]}
          placeholder=""
          placeholderTextColor="#444"
          rejectResponderTermination={true}
          returnKeyType="done"
          style={
            Array [
              undefined,
              Array [
                Object {
                  "borderWidth": 0,
                  "marginBottom": 7,
                  "paddingHorizontal": 0,
                  "paddingVertical": 8,
                },
                undefined,
                undefined,
                undefined,
              ],
            ]
          }
          testID="usernameInput"
          textContentType="username"
          underlineColorAndroid="transparent"
          value=""
        />
      </View>
    </View>
    <View>
      <View
        style={
          Array [
            undefined,
            Object {
              "paddingTop": 10,
            },
            undefined,
            undefined,
            undefined,
            undefined,
            Object {
              "backgroundColor": "rgba(0,0,0,0.25)",
              "borderColor": "rgba(255,255,255,0.30)",
            },
          ]
        }
      >
        <View>
          <View
            style={
              Object {
                "flexDirection": "row",
                "justifyContent": "space-between",
                "width": "100%",
              }
            }
          >
            <View
              style={
                Object {
                  "flexDirection": "row",
                  "justifyContent": "space-between",
                  "width": "100%",
                }
              }
            >
              <Text
                style={
                  Array [
                    Object {
                      "fontFamily": "Roboto",
                      "fontSize": 16,
                      "fontWeight": "600",
                      "marginBottom": 5,
                    },
                    undefined,
                    undefined,
                  ]
                }
              >
                Password
              </Text>
            </View>
          </View>
          <TextInput
            allowFontScaling={true}
            autoCapitalize="none"
            autoCompleteType="password"
            containerStyle={
              Object {
                "backgroundColor": "rgba(0,0,0,0.25)",
                "borderColor": "rgba(255,255,255,0.30)",
              }
            }
            onChangeText={[Function]}
            placeholder=""
            placeholderTextColor="#444"
            rejectResponderTermination={true}
            returnKeyType="done"
            secureTextEntry={true}
            style={
              Array [
                undefined,
                Array [
                  Object {
                    "borderWidth": 0,
                    "marginBottom": 7,
                    "paddingHorizontal": 0,
                    "paddingVertical": 8,
                  },
                  undefined,
                  undefined,
                  undefined,
                ],
              ]
            }
            testID="userPasswordInput"
            textContentType="password"
            underlineColorAndroid="transparent"
            value=""
          />
        </View>
      </View>
      <Text
        allowFontScaling={false}
        onPress={[Function]}
        style={
          Array [
            Object {
              "color": undefined,
              "fontSize": 25,
            },
            Array [
              undefined,
              Object {
                "top": 26,
              },
            ],
            Object {
              "fontFamily": "Ionicons",
              "fontStyle": "normal",
              "fontWeight": "normal",
            },
            Object {},
          ]
        }
      >
        ïŠ³
      </Text>
    </View>
  </View>
  <View
    style={
      Array [
        undefined,
        undefined,
      ]
    }
  >
    <View
      accessibilityLabel="loginButton"
      disabled={false}
      onPress={[Function]}
      style={
        Array [
          undefined,
          undefined,
          Object {
            "backgroundColor": "rgba(0,0,0,0.40)",
            "borderColor": "rgba(255,255,255,0.60)",
            "borderRadius": 21,
            "paddingHorizontal": 23,
            "paddingVertical": 10,
          },
          Array [
            Object {
              "marginTop": 24.254545454545454,
            },
            undefined,
          ],
        ]
      }
      text="Login"
    >
      <Text
        style={
          Array [
            Object {
              "fontSize": 19,
            },
            Object {
              "color": "#FFFFFF",
            },
            undefined,
          ]
        }
      >
         
        Login
         
      </Text>
    </View>
    <View>
      <Text
        onPress={[Function]}
        style={
          Array [
            undefined,
            undefined,
            undefined,
          ]
        }
      >
        Forgot your password?
      </Text>
    </View>
    <View />
    <View
      disabled={false}
      style={
        Array [
          undefined,
          undefined,
          Object {
            "backgroundColor": "rgba(0,0,0,0.40)",
            "borderColor": "rgba(255,255,255,0.60)",
            "borderRadius": 21,
            "paddingHorizontal": 23,
            "paddingVertical": 10,
          },
          Array [
            undefined,
            undefined,
          ],
        ]
      }
      testID="registerButton"
      text="Join Minds"
    >
      <Text
        style={
          Array [
            Object {
              "fontSize": 19,
            },
            Object {
              "color": "#FFFFFF",
            },
            undefined,
          ]
        }
      >
         
        Join Minds
         
      </Text>
    </View>
  </View>
</View>
`;
