// Jest Snapshot v1, https://goo.gl/fbAQLP

exports[`Explicit overlay component renders correctly 1`] = `
<View
  style={
    Array [
      undefined,
      undefined,
      Object {
        "minHeight": 400,
      },
      undefined,
    ]
  }
>
  <Icon
    allowFontScaling={false}
    name="lock"
    onPress={[Function]}
    size={55}
  />
  <Text
    style={
      Array [
        undefined,
        undefined,
        undefined,
        undefined,
      ]
    }
  >
    NSFW
  </Text>
  <Text
    style={
      Array [
        undefined,
        undefined,
        undefined,
        undefined,
      ]
    }
  />
  <TouchableOpacity
    onPress={[Function]}
    style={
      Array [
        undefined,
        undefined,
        undefined,
      ]
    }
  >
    <Text
      style={
        Array [
          undefined,
          undefined,
          undefined,
          undefined,
        ]
      }
    >
      I'm over 18 years of age
    </Text>
  </TouchableOpacity>
</View>
`;

exports[`Explicit overlay component should renders the etag 1`] = `
<View
  style={
    Array [
      undefined,
      undefined,
      Object {
        "minHeight": 400,
      },
      undefined,
    ]
  }
>
  <Icon
    allowFontScaling={false}
    name="lock"
    onPress={[Function]}
    size={55}
  />
  <Text
    style={
      Array [
        undefined,
        undefined,
        undefined,
        undefined,
      ]
    }
  >
    NSFW
  </Text>
  <Text
    style={
      Array [
        undefined,
        undefined,
        undefined,
        undefined,
      ]
    }
  />
  <TouchableOpacity
    onPress={[Function]}
    style={
      Array [
        undefined,
        undefined,
        undefined,
      ]
    }
  >
    <Text
      style={
        Array [
          undefined,
          undefined,
          undefined,
          undefined,
        ]
      }
    >
      I'm over 18 years of age
    </Text>
  </TouchableOpacity>
</View>
`;
